0trace                         git://git.kali.org/packages/0trace.git
acccheck                       git://git.kali.org/packages/acccheck.git
ace-voip                       git://git.kali.org/packages/ace-voip.git
aircrack-ng                    git://git.kali.org/packages/aircrack-ng.git
airgraph-ng                    git://git.kali.org/packages/airgraph-ng.git
amap                           git://git.kali.org/packages/amap.git
android-sdk                    git://git.kali.org/packages/android-sdk.git
apache-users                   git://git.kali.org/packages/apache-users.git
apktool                        git://git.kali.org/packages/apktool.git
apt                            git://git.kali.org/packages/apt.git
apt-setup                      git://git.kali.org/packages/apt-setup.git
apt2                           git://git.kali.org/packages/apt2.git
arachni                        git://git.kali.org/packages/arachni.git
arachni-reactor                git://git.kali.org/packages/arachni-reactor.git
arachni-rpc                    git://git.kali.org/packages/arachni-rpc.git
archvsync                      git://git.kali.org/packages/archvsync.git
arduino                        git://git.kali.org/packages/arduino.git
armitage                       git://git.kali.org/packages/armitage.git
arp-scan                       git://git.kali.org/packages/arp-scan.git
asleap                         git://git.kali.org/packages/asleap.git
automater                      git://git.kali.org/packages/automater.git
autopsy                        git://git.kali.org/packages/autopsy.git
axel                           git://git.kali.org/packages/axel.git
b374k                          git://git.kali.org/packages/b374k.git
backdoor-factory               git://git.kali.org/packages/backdoor-factory.git
base-files                     git://git.kali.org/packages/base-files.git
bbqsql                         git://git.kali.org/packages/bbqsql.git
bdfproxy                       git://git.kali.org/packages/bdfproxy.git
bed                            git://git.kali.org/packages/bed.git
beef-xss                       git://git.kali.org/packages/beef-xss.git
bettercap                      git://git.kali.org/packages/bettercap.git
binfmt-support                 git://git.kali.org/packages/binfmt-support.git
bing-ip2hosts                  git://git.kali.org/packages/bing-ip2hosts.git
binwalk                        git://git.kali.org/packages/binwalk.git
blindelephant                  git://git.kali.org/packages/blindelephant.git
bloodhound                     git://git.kali.org/packages/bloodhound.git
bluelog                        git://git.kali.org/packages/bluelog.git
bluemaho                       git://git.kali.org/packages/bluemaho.git
bluepot                        git://git.kali.org/packages/bluepot.git
blueranger                     git://git.kali.org/packages/blueranger.git
bluesnarfer                    git://git.kali.org/packages/bluesnarfer.git
bluto                          git://git.kali.org/packages/bluto.git
braa                           git://git.kali.org/packages/braa.git
britney2                       git://git.kali.org/packages/britney2.git
broadcom-sta                   git://git.kali.org/packages/broadcom-sta.git
brotli                         git://git.kali.org/packages/brotli.git
brotlipy                       git://git.kali.org/packages/brotlipy.git
bulk-extractor                 git://git.kali.org/packages/bulk-extractor.git
bully                          git://git.kali.org/packages/bully.git
bundler                        git://git.kali.org/packages/bundler.git
burpsuite                      git://git.kali.org/packages/burpsuite.git
capstone                       git://git.kali.org/packages/capstone.git
cartero                        git://git.kali.org/packages/cartero.git
casefile                       git://git.kali.org/packages/casefile.git
cdpsnarf                       git://git.kali.org/packages/cdpsnarf.git
cewl                           git://git.kali.org/packages/cewl.git
changeme                       git://git.kali.org/packages/changeme.git
chntpw                         git://git.kali.org/packages/chntpw.git
cisco-auditing-tool            git://git.kali.org/packages/cisco-auditing-tool.git
cisco-global-exploiter         git://git.kali.org/packages/cisco-global-exploiter.git
cisco-ocs                      git://git.kali.org/packages/cisco-ocs.git
cisco-torch                    git://git.kali.org/packages/cisco-torch.git
clusterd                       git://git.kali.org/packages/clusterd.git
cmospwd                        git://git.kali.org/packages/cmospwd.git
commix                         git://git.kali.org/packages/commix.git
configparser                   git://git.kali.org/packages/configparser.git
conky-manager                  git://git.kali.org/packages/conky-manager.git
cookie-cadger                  git://git.kali.org/packages/cookie-cadger.git
copy-router-config             git://git.kali.org/packages/copy-router-config.git
couchdb                        git://git.kali.org/packages/couchdb.git
cowpatty                       git://git.kali.org/packages/cowpatty.git
crackle                        git://git.kali.org/packages/crackle.git
crackmapexec                   git://git.kali.org/packages/crackmapexec.git
creddump                       git://git.kali.org/packages/creddump.git
creddump7                      git://git.kali.org/packages/creddump7.git
creepy                         git://git.kali.org/packages/creepy.git
crowbar                        git://git.kali.org/packages/crowbar.git
crunch                         git://git.kali.org/packages/crunch.git
cryptcat                       git://git.kali.org/packages/cryptcat.git
cryptsetup                     git://git.kali.org/packages/cryptsetup.git
cuckoo                         git://git.kali.org/packages/cuckoo.git
cudahashcat                    git://git.kali.org/packages/cudahashcat.git
cupid-wpa                      git://git.kali.org/packages/cupid-wpa.git
cutycapt                       git://git.kali.org/packages/cutycapt.git
cymothoa                       git://git.kali.org/packages/cymothoa.git
davtest                        git://git.kali.org/packages/davtest.git
dbd                            git://git.kali.org/packages/dbd.git
dbeaver                        git://git.kali.org/packages/dbeaver.git
dbpwaudit                      git://git.kali.org/packages/dbpwaudit.git
dc3dd                          git://git.kali.org/packages/dc3dd.git
ddrescue                       git://git.kali.org/packages/ddrescue.git
debian-cd                      git://git.kali.org/packages/debian-cd.git
debian-installer               git://git.kali.org/packages/debian-installer.git
debian-installer-launcher      git://git.kali.org/packages/debian-installer-launcher.git
deblaze                        git://git.kali.org/packages/deblaze.git
debootstrap                    git://git.kali.org/packages/debootstrap.git
desktop-base                   git://git.kali.org/packages/desktop-base.git
device-pharmer                 git://git.kali.org/packages/device-pharmer.git
dex2jar                        git://git.kali.org/packages/dex2jar.git
dff                            git://git.kali.org/packages/dff.git
dhcpig                         git://git.kali.org/packages/dhcpig.git
dirb                           git://git.kali.org/packages/dirb.git
dirbuster                      git://git.kali.org/packages/dirbuster.git
distorm3                       git://git.kali.org/packages/distorm3.git
distro-tracker                 git://git.kali.org/packages/distro-tracker.git
dmitry                         git://git.kali.org/packages/dmitry.git
dnmap                          git://git.kali.org/packages/dnmap.git
dns2tcp                        git://git.kali.org/packages/dns2tcp.git
dnschef                        git://git.kali.org/packages/dnschef.git
dnsenum                        git://git.kali.org/packages/dnsenum.git
dnsmap                         git://git.kali.org/packages/dnsmap.git
dnsrecon                       git://git.kali.org/packages/dnsrecon.git
dnstracer                      git://git.kali.org/packages/dnstracer.git
dnswalk                        git://git.kali.org/packages/dnswalk.git
doona                          git://git.kali.org/packages/doona.git
dos2unix                       git://git.kali.org/packages/dos2unix.git
dotdotpwn                      git://git.kali.org/packages/dotdotpwn.git
dpkg                           git://git.kali.org/packages/dpkg.git
dradis                         git://git.kali.org/packages/dradis.git
drozer                         git://git.kali.org/packages/drozer.git
dumpzilla                      git://git.kali.org/packages/dumpzilla.git
eapmd5pass                     git://git.kali.org/packages/eapmd5pass.git
edb-debugger                   git://git.kali.org/packages/edb-debugger.git
enum4linux                     git://git.kali.org/packages/enum4linux.git
enumiax                        git://git.kali.org/packages/enumiax.git
eresi                          git://git.kali.org/packages/eresi.git
erlang17                       git://git.kali.org/packages/erlang17.git
ettercap                       git://git.kali.org/packages/ettercap.git
exe2hex                        git://git.kali.org/packages/exe2hex.git
exe2hexbat                     git://git.kali.org/packages/exe2hexbat.git
exploitdb                      git://git.kali.org/packages/exploitdb.git
extundelete                    git://git.kali.org/packages/extundelete.git
eyewitness                     git://git.kali.org/packages/eyewitness.git
fcrackzip                      git://git.kali.org/packages/fcrackzip.git
fern-wifi-cracker              git://git.kali.org/packages/fern-wifi-cracker.git
ferret-sidejack                git://git.kali.org/packages/ferret-sidejack.git
fglrx-driver                   git://git.kali.org/packages/fglrx-driver.git
fierce                         git://git.kali.org/packages/fierce.git
fiked                          git://git.kali.org/packages/fiked.git
fimap                          git://git.kali.org/packages/fimap.git
findmyhash                     git://git.kali.org/packages/findmyhash.git
firewalk                       git://git.kali.org/packages/firewalk.git
firmware-mod-kit               git://git.kali.org/packages/firmware-mod-kit.git
firmware-nonfree               git://git.kali.org/packages/firmware-nonfree.git
florence                       git://git.kali.org/packages/florence.git
fontconfig                     git://git.kali.org/packages/fontconfig.git
foremost                       git://git.kali.org/packages/foremost.git
fragroute                      git://git.kali.org/packages/fragroute.git
fragrouter                     git://git.kali.org/packages/fragrouter.git
framework2                     git://git.kali.org/packages/framework2.git
freeipmi                       git://git.kali.org/packages/freeipmi.git
freeradius-wpe                 git://git.kali.org/packages/freeradius-wpe.git
freerdp                        git://git.kali.org/packages/freerdp.git
fruitywifi                     git://git.kali.org/packages/fruitywifi.git
fruitywifi-module-3g-4g        git://git.kali.org/packages/fruitywifi-module-3g-4g.git
fruitywifi-module-ap           git://git.kali.org/packages/fruitywifi-module-ap.git
fruitywifi-module-api          git://git.kali.org/packages/fruitywifi-module-api.git
fruitywifi-module-automaton    git://git.kali.org/packages/fruitywifi-module-automaton.git
fruitywifi-module-autossh      git://git.kali.org/packages/fruitywifi-module-autossh.git
fruitywifi-module-autostart    git://git.kali.org/packages/fruitywifi-module-autostart.git
fruitywifi-module-bdfproxy     git://git.kali.org/packages/fruitywifi-module-bdfproxy.git
fruitywifi-module-beef         git://git.kali.org/packages/fruitywifi-module-beef.git
fruitywifi-module-bettercap    git://git.kali.org/packages/fruitywifi-module-bettercap.git
fruitywifi-module-bluepand     git://git.kali.org/packages/fruitywifi-module-bluepand.git
fruitywifi-module-captive      git://git.kali.org/packages/fruitywifi-module-captive.git
fruitywifi-module-detectdeauth git://git.kali.org/packages/fruitywifi-module-detectdeauth.git
fruitywifi-module-detectrogue  git://git.kali.org/packages/fruitywifi-module-detectrogue.git
fruitywifi-module-devicefinder git://git.kali.org/packages/fruitywifi-module-devicefinder.git
fruitywifi-module-dnsspoof     git://git.kali.org/packages/fruitywifi-module-dnsspoof.git
fruitywifi-module-ettercap     git://git.kali.org/packages/fruitywifi-module-ettercap.git
fruitywifi-module-fruitydns    git://git.kali.org/packages/fruitywifi-module-fruitydns.git
fruitywifi-module-fruityproxy  git://git.kali.org/packages/fruitywifi-module-fruityproxy.git
fruitywifi-module-hopper       git://git.kali.org/packages/fruitywifi-module-hopper.git
fruitywifi-module-karma        git://git.kali.org/packages/fruitywifi-module-karma.git
fruitywifi-module-kismet       git://git.kali.org/packages/fruitywifi-module-kismet.git
fruitywifi-module-mana         git://git.kali.org/packages/fruitywifi-module-mana.git
fruitywifi-module-mdk3         git://git.kali.org/packages/fruitywifi-module-mdk3.git
fruitywifi-module-metasploit   git://git.kali.org/packages/fruitywifi-module-metasploit.git
fruitywifi-module-meterpreter  git://git.kali.org/packages/fruitywifi-module-meterpreter.git
fruitywifi-module-mitmf        git://git.kali.org/packages/fruitywifi-module-mitmf.git
fruitywifi-module-nessus       git://git.kali.org/packages/fruitywifi-module-nessus.git
fruitywifi-module-nginx        git://git.kali.org/packages/fruitywifi-module-nginx.git
fruitywifi-module-ngrep        git://git.kali.org/packages/fruitywifi-module-ngrep.git
fruitywifi-module-nmap         git://git.kali.org/packages/fruitywifi-module-nmap.git
fruitywifi-module-nmcli        git://git.kali.org/packages/fruitywifi-module-nmcli.git
fruitywifi-module-openvpn      git://git.kali.org/packages/fruitywifi-module-openvpn.git
fruitywifi-module-phishing     git://git.kali.org/packages/fruitywifi-module-phishing.git
fruitywifi-module-recon        git://git.kali.org/packages/fruitywifi-module-recon.git
fruitywifi-module-responder    git://git.kali.org/packages/fruitywifi-module-responder.git
fruitywifi-module-rpitwit      git://git.kali.org/packages/fruitywifi-module-rpitwit.git
fruitywifi-module-squid3       git://git.kali.org/packages/fruitywifi-module-squid3.git
fruitywifi-module-sshuttle     git://git.kali.org/packages/fruitywifi-module-sshuttle.git
fruitywifi-module-sslstrip     git://git.kali.org/packages/fruitywifi-module-sslstrip.git
fruitywifi-module-sslstrip2    git://git.kali.org/packages/fruitywifi-module-sslstrip2.git
fruitywifi-module-stalker      git://git.kali.org/packages/fruitywifi-module-stalker.git
fruitywifi-module-supplicant   git://git.kali.org/packages/fruitywifi-module-supplicant.git
fruitywifi-module-tapper       git://git.kali.org/packages/fruitywifi-module-tapper.git
fruitywifi-module-tcpdump      git://git.kali.org/packages/fruitywifi-module-tcpdump.git
fruitywifi-module-tor          git://git.kali.org/packages/fruitywifi-module-tor.git
fruitywifi-module-urlsnarf     git://git.kali.org/packages/fruitywifi-module-urlsnarf.git
fruitywifi-module-vfeed        git://git.kali.org/packages/fruitywifi-module-vfeed.git
fruitywifi-module-whatsapp     git://git.kali.org/packages/fruitywifi-module-whatsapp.git
fruitywifi-module-wifirecon    git://git.kali.org/packages/fruitywifi-module-wifirecon.git
ftester                        git://git.kali.org/packages/ftester.git
funkload                       git://git.kali.org/packages/funkload.git
fxscintilla                    git://git.kali.org/packages/fxscintilla.git
galleta                        git://git.kali.org/packages/galleta.git
gem2deb                        git://git.kali.org/packages/gem2deb.git
ghost-phisher                  git://git.kali.org/packages/ghost-phisher.git
giskismet                      git://git.kali.org/packages/giskismet.git
glx-alternatives               git://git.kali.org/packages/glx-alternatives.git
gnome-control-center           git://git.kali.org/packages/gnome-control-center.git
gnome-screensaver              git://git.kali.org/packages/gnome-screensaver.git
gnome-shell                    git://git.kali.org/packages/gnome-shell.git
gnome-shell-extension-dashtodock git://git.kali.org/packages/gnome-shell-extension-dashtodock.git
gnome-shell-extension-easyscreencast git://git.kali.org/packages/gnome-shell-extension-easyscreencast.git
gnome-shell-extension-proxyswitcher git://git.kali.org/packages/gnome-shell-extension-proxyswitcher.git
gnome-shell-extension-refreshwifi git://git.kali.org/packages/gnome-shell-extension-refreshwifi.git
gnome-shell-extension-workspacestodock git://git.kali.org/packages/gnome-shell-extension-workspacestodock.git
gnome-shell-extensions         git://git.kali.org/packages/gnome-shell-extensions.git
gnome-terminal                 git://git.kali.org/packages/gnome-terminal.git
gnome-theme-eleganze           git://git.kali.org/packages/gnome-theme-eleganze.git
gnome-theme-kali               git://git.kali.org/packages/gnome-theme-kali.git
gnuradio                       git://git.kali.org/packages/gnuradio.git
gobuster                       git://git.kali.org/packages/gobuster.git
golismero                      git://git.kali.org/packages/golismero.git
goofile                        git://git.kali.org/packages/goofile.git
google-nexus-tools             git://git.kali.org/packages/google-nexus-tools.git
gpp-decrypt                    git://git.kali.org/packages/gpp-decrypt.git
gqrx                           git://git.kali.org/packages/gqrx.git
gr-air-modes                   git://git.kali.org/packages/gr-air-modes.git
gr-baz                         git://git.kali.org/packages/gr-baz.git
gr-extras                      git://git.kali.org/packages/gr-extras.git
gr-fcdproplus                  git://git.kali.org/packages/gr-fcdproplus.git
gr-iqbal                       git://git.kali.org/packages/gr-iqbal.git
gr-osmosdr                     git://git.kali.org/packages/gr-osmosdr.git
gr-scan                        git://git.kali.org/packages/gr-scan.git
grabber                        git://git.kali.org/packages/grabber.git
greenbone-security-assistant   git://git.kali.org/packages/greenbone-security-assistant.git
gsd                            git://git.kali.org/packages/gsd.git
guymager                       git://git.kali.org/packages/guymager.git
hackersh                       git://git.kali.org/packages/hackersh.git
hackrf                         git://git.kali.org/packages/hackrf.git
hamster-sidejack               git://git.kali.org/packages/hamster-sidejack.git
hash-identifier                git://git.kali.org/packages/hash-identifier.git
hashcat                        git://git.kali.org/packages/hashcat.git
hashcat-utils                  git://git.kali.org/packages/hashcat-utils.git
hashid                         git://git.kali.org/packages/hashid.git
hb-honeypot                    git://git.kali.org/packages/hb-honeypot.git
heartbeat-scanner              git://git.kali.org/packages/heartbeat-scanner.git
heartleech                     git://git.kali.org/packages/heartleech.git
hexinject                      git://git.kali.org/packages/hexinject.git
hexorbase                      git://git.kali.org/packages/hexorbase.git
hostapd-wpe                    git://git.kali.org/packages/hostapd-wpe.git
hotpatch                       git://git.kali.org/packages/hotpatch.git
hping3                         git://git.kali.org/packages/hping3.git
htshells                       git://git.kali.org/packages/htshells.git
http-parser                    git://git.kali.org/packages/http-parser.git
http-tunnel                    git://git.kali.org/packages/http-tunnel.git
httprint                       git://git.kali.org/packages/httprint.git
httptunnel                     git://git.kali.org/packages/httptunnel.git
hurl                           git://git.kali.org/packages/hurl.git
hydra                          git://git.kali.org/packages/hydra.git
hyperion                       git://git.kali.org/packages/hyperion.git
iaxflood                       git://git.kali.org/packages/iaxflood.git
ident-user-enum                git://git.kali.org/packages/ident-user-enum.git
ieee-data                      git://git.kali.org/packages/ieee-data.git
ikat                           git://git.kali.org/packages/ikat.git
impacket                       git://git.kali.org/packages/impacket.git
inetsim                        git://git.kali.org/packages/inetsim.git
inguma                         git://git.kali.org/packages/inguma.git
init-system-helpers            git://git.kali.org/packages/init-system-helpers.git
initramfs-tools                git://git.kali.org/packages/initramfs-tools.git
inspy                          git://git.kali.org/packages/inspy.git
intersect                      git://git.kali.org/packages/intersect.git
intrace                        git://git.kali.org/packages/intrace.git
inundator                      git://git.kali.org/packages/inundator.git
inviteflood                    git://git.kali.org/packages/inviteflood.git
iphone-backup-analyzer         git://git.kali.org/packages/iphone-backup-analyzer.git
ipv6-toolkit                   git://git.kali.org/packages/ipv6-toolkit.git
irpas                          git://git.kali.org/packages/irpas.git
ismtp                          git://git.kali.org/packages/ismtp.git
isr-evilgrade                  git://git.kali.org/packages/isr-evilgrade.git
iw                             git://git.kali.org/packages/iw.git
jad                            git://git.kali.org/packages/jad.git
javasnoop                      git://git.kali.org/packages/javasnoop.git
javatools                      git://git.kali.org/packages/javatools.git
jboss-autopwn                  git://git.kali.org/packages/jboss-autopwn.git
jd-gui                         git://git.kali.org/packages/jd-gui.git
jigsaw                         git://git.kali.org/packages/jigsaw.git
john                           git://git.kali.org/packages/john.git
johnny                         git://git.kali.org/packages/johnny.git
joomscan                       git://git.kali.org/packages/joomscan.git
jsp-file-browser               git://git.kali.org/packages/jsp-file-browser.git
jsql                           git://git.kali.org/packages/jsql.git
kali-archive-keyring           git://git.kali.org/packages/kali-archive-keyring.git
kali-bleeding-edge             git://git.kali.org/packages/kali-bleeding-edge.git
kali-debtags                   git://git.kali.org/packages/kali-debtags.git
kali-defaults                  git://git.kali.org/packages/kali-defaults.git
kali-menu                      git://git.kali.org/packages/kali-menu.git
kali-meta                      git://git.kali.org/packages/kali-meta.git
kali-root-login                git://git.kali.org/packages/kali-root-login.git
kalibrate-rtl                  git://git.kali.org/packages/kalibrate-rtl.git
keepnote                       git://git.kali.org/packages/keepnote.git
keimpx                         git://git.kali.org/packages/keimpx.git
killerbee                      git://git.kali.org/packages/killerbee.git
king-phisher                   git://git.kali.org/packages/king-phisher.git
kismet                         git://git.kali.org/packages/kismet.git
kvasir                         git://git.kali.org/packages/kvasir.git
laudanum                       git://git.kali.org/packages/laudanum.git
lbd                            git://git.kali.org/packages/lbd.git
libbfio                        git://git.kali.org/packages/libbfio.git
libbtbb                        git://git.kali.org/packages/libbtbb.git
libburn                        git://git.kali.org/packages/libburn.git
libcrafter                     git://git.kali.org/packages/libcrafter.git
libcrypt-mcrypt-perl           git://git.kali.org/packages/libcrypt-mcrypt-perl.git
libewf                         git://git.kali.org/packages/libewf.git
libfindrtp                     git://git.kali.org/packages/libfindrtp.git
libfreefare                    git://git.kali.org/packages/libfreefare.git
libisoburn                     git://git.kali.org/packages/libisoburn.git
libisofs                       git://git.kali.org/packages/libisofs.git
libmicrohttpd                  git://git.kali.org/packages/libmicrohttpd.git
libnet-pcaputils-perl          git://git.kali.org/packages/libnet-pcaputils-perl.git
libnfc                         git://git.kali.org/packages/libnfc.git
libosmocore                    git://git.kali.org/packages/libosmocore.git
libpcap                        git://git.kali.org/packages/libpcap.git
libpff                         git://git.kali.org/packages/libpff.git
libstree                       git://git.kali.org/packages/libstree.git
linux                          git://git.kali.org/packages/linux.git
linux-exploit-suggester        git://git.kali.org/packages/linux-exploit-suggester.git
linux-latest                   git://git.kali.org/packages/linux-latest.git
linux-tools                    git://git.kali.org/packages/linux-tools.git
live-boot                      git://git.kali.org/packages/live-boot.git
live-build                     git://git.kali.org/packages/live-build.git
live-build-config              git://git.kali.org/packages/live-build-config.git
live-config                    git://git.kali.org/packages/live-config.git
live-installer                 git://git.kali.org/packages/live-installer.git
lxml                           git://git.kali.org/packages/lxml.git
lynis                          git://git.kali.org/packages/lynis.git
magictree                      git://git.kali.org/packages/magictree.git
maltego                        git://git.kali.org/packages/maltego.git
maltego-teeth                  git://git.kali.org/packages/maltego-teeth.git
maltegoce                      git://git.kali.org/packages/maltegoce.git
mana-toolkit                   git://git.kali.org/packages/mana-toolkit.git
maskprocessor                  git://git.kali.org/packages/maskprocessor.git
masscan                        git://git.kali.org/packages/masscan.git
mdk3                           git://git.kali.org/packages/mdk3.git
medusa                         git://git.kali.org/packages/medusa.git
metagoofil                     git://git.kali.org/packages/metagoofil.git
metasploit                     git://git.kali.org/packages/metasploit.git
metasploit-common              git://git.kali.org/packages/metasploit-common.git
metasploit-framework           git://git.kali.org/packages/metasploit-framework.git
metasploit-omnibus             git://git.kali.org/packages/metasploit-omnibus.git
mfcuk                          git://git.kali.org/packages/mfcuk.git
mfoc                           git://git.kali.org/packages/mfoc.git
mfterm                         git://git.kali.org/packages/mfterm.git
mimikatz                       git://git.kali.org/packages/mimikatz.git
miranda                        git://git.kali.org/packages/miranda.git
mitmf                          git://git.kali.org/packages/mitmf.git
mitmflib                       git://git.kali.org/packages/mitmflib.git
mitmproxy                      git://git.kali.org/packages/mitmproxy.git
mpsfc                          git://git.kali.org/packages/mpsfc.git
msfpc                          git://git.kali.org/packages/msfpc.git
msgpack-python                 git://git.kali.org/packages/msgpack-python.git
multiforcer                    git://git.kali.org/packages/multiforcer.git
multimac                       git://git.kali.org/packages/multimac.git
multimon-ng                    git://git.kali.org/packages/multimon-ng.git
nassl                          git://git.kali.org/packages/nassl.git
nbtscan-unixwiz                git://git.kali.org/packages/nbtscan-unixwiz.git
ncat-w32                       git://git.kali.org/packages/ncat-w32.git
ncrack                         git://git.kali.org/packages/ncrack.git
ndg-httpsclient                git://git.kali.org/packages/ndg-httpsclient.git
ndpi                           git://git.kali.org/packages/ndpi.git
neo4j                          git://git.kali.org/packages/neo4j.git
net-retriever                  git://git.kali.org/packages/net-retriever.git
netcfg                         git://git.kali.org/packages/netcfg.git
nethunter-utils                git://git.kali.org/packages/nethunter-utils.git
network-manager                git://git.kali.org/packages/network-manager.git
nfspy                          git://git.kali.org/packages/nfspy.git
nikto                          git://git.kali.org/packages/nikto.git
nipper-ng                      git://git.kali.org/packages/nipper-ng.git
nishang                        git://git.kali.org/packages/nishang.git
nltk                           git://git.kali.org/packages/nltk.git
nmap                           git://git.kali.org/packages/nmap.git
ntop                           git://git.kali.org/packages/ntop.git
ntopng                         git://git.kali.org/packages/ntopng.git
nvidia-graphics-drivers        git://git.kali.org/packages/nvidia-graphics-drivers.git
nvidia-graphics-modules        git://git.kali.org/packages/nvidia-graphics-modules.git
nvidia-modprobe                git://git.kali.org/packages/nvidia-modprobe.git
o-saft                         git://git.kali.org/packages/o-saft.git
oclgausscrack                  git://git.kali.org/packages/oclgausscrack.git
oclhashcat                     git://git.kali.org/packages/oclhashcat.git
oclhashcat-lite                git://git.kali.org/packages/oclhashcat-lite.git
oclhashcat-plus                git://git.kali.org/packages/oclhashcat-plus.git
ohrwurm                        git://git.kali.org/packages/ohrwurm.git
ollydbg                        git://git.kali.org/packages/ollydbg.git
open-vm-tools                  git://git.kali.org/packages/open-vm-tools.git
openssl                        git://git.kali.org/packages/openssl.git
openvas                        git://git.kali.org/packages/openvas.git
openvas-administrator          git://git.kali.org/packages/openvas-administrator.git
openvas-cli                    git://git.kali.org/packages/openvas-cli.git
openvas-libraries              git://git.kali.org/packages/openvas-libraries.git
openvas-manager                git://git.kali.org/packages/openvas-manager.git
openvas-scanner                git://git.kali.org/packages/openvas-scanner.git
ophcrack                       git://git.kali.org/packages/ophcrack.git
oscanner                       git://git.kali.org/packages/oscanner.git
osrframework                   git://git.kali.org/packages/osrframework.git
owasp-mantra-ff                git://git.kali.org/packages/owasp-mantra-ff.git
p0f                            git://git.kali.org/packages/p0f.git
pack                           git://git.kali.org/packages/pack.git
padbuster                      git://git.kali.org/packages/padbuster.git
paros                          git://git.kali.org/packages/paros.git
parsero                        git://git.kali.org/packages/parsero.git
partman-crypto                 git://git.kali.org/packages/partman-crypto.git
passing-the-hash               git://git.kali.org/packages/passing-the-hash.git
patator                        git://git.kali.org/packages/patator.git
pdf-parser                     git://git.kali.org/packages/pdf-parser.git
pdfbook                        git://git.kali.org/packages/pdfbook.git
pdfid                          git://git.kali.org/packages/pdfid.git
pdfminer                       git://git.kali.org/packages/pdfminer.git
pdgmail                        git://git.kali.org/packages/pdgmail.git
peepdf                         git://git.kali.org/packages/peepdf.git
perl-cisco-copyconfig          git://git.kali.org/packages/perl-cisco-copyconfig.git
phishery                       git://git.kali.org/packages/phishery.git
phishing-frenzy                git://git.kali.org/packages/phishing-frenzy.git
phrasendrescher                git://git.kali.org/packages/phrasendrescher.git
pipal                          git://git.kali.org/packages/pipal.git
pixiewps                       git://git.kali.org/packages/pixiewps.git
pixz                           git://git.kali.org/packages/pixz.git
pjproject                      git://git.kali.org/packages/pjproject.git
plecost                        git://git.kali.org/packages/plecost.git
polenum                        git://git.kali.org/packages/polenum.git
powerfuzzer                    git://git.kali.org/packages/powerfuzzer.git
powersploit                    git://git.kali.org/packages/powersploit.git
preseed                        git://git.kali.org/packages/preseed.git
proguard                       git://git.kali.org/packages/proguard.git
protos-sip                     git://git.kali.org/packages/protos-sip.git
proxychains                    git://git.kali.org/packages/proxychains.git
proxystrike                    git://git.kali.org/packages/proxystrike.git
pwnat                          git://git.kali.org/packages/pwnat.git
pybloomfiltermmap              git://git.kali.org/packages/pybloomfiltermmap.git
pyexcel                        git://git.kali.org/packages/pyexcel.git
pyexcel-io                     git://git.kali.org/packages/pyexcel-io.git
pyexcel-ods                    git://git.kali.org/packages/pyexcel-ods.git
pyexcel-text                   git://git.kali.org/packages/pyexcel-text.git
pyexcel-xls                    git://git.kali.org/packages/pyexcel-xls.git
pyexcel-xlsx                   git://git.kali.org/packages/pyexcel-xlsx.git
pyinstaller                    git://git.kali.org/packages/pyinstaller.git
pylibemu                       git://git.kali.org/packages/pylibemu.git
pyopenssl                      git://git.kali.org/packages/pyopenssl.git
pyrit                          git://git.kali.org/packages/pyrit.git
pyrit-opencl                   git://git.kali.org/packages/pyrit-opencl.git
pysmb                          git://git.kali.org/packages/pysmb.git
pytest                         git://git.kali.org/packages/pytest.git
python-advancedhttpserver      git://git.kali.org/packages/python-advancedhttpserver.git
python-backports-ssl-match-hostname git://git.kali.org/packages/python-backports-ssl-match-hostname.git
python-bloomfiltermmap         git://git.kali.org/packages/python-bloomfiltermmap.git
python-boltons                 git://git.kali.org/packages/python-boltons.git
python-cerberus                git://git.kali.org/packages/python-cerberus.git
python-certifi                 git://git.kali.org/packages/python-certifi.git
python-cffi                    git://git.kali.org/packages/python-cffi.git
python-clamd                   git://git.kali.org/packages/python-clamd.git
python-configargparse          git://git.kali.org/packages/python-configargparse.git
python-crcelk                  git://git.kali.org/packages/python-crcelk.git
python-cryptography            git://git.kali.org/packages/python-cryptography.git
python-cryptography-vectors    git://git.kali.org/packages/python-cryptography-vectors.git
python-darts-lib-utils-lru     git://git.kali.org/packages/python-darts-lib-utils-lru.git
python-dicttoxml               git://git.kali.org/packages/python-dicttoxml.git
python-dnslib                  git://git.kali.org/packages/python-dnslib.git
python-emailahoy               git://git.kali.org/packages/python-emailahoy.git
python-esmre                   git://git.kali.org/packages/python-esmre.git
python-faraday                 git://git.kali.org/packages/python-faraday.git
python-ftputil                 git://git.kali.org/packages/python-ftputil.git
python-geoip2                  git://git.kali.org/packages/python-geoip2.git
python-ghost                   git://git.kali.org/packages/python-ghost.git
python-graphene                git://git.kali.org/packages/python-graphene.git
python-graphene-sqlalchemy     git://git.kali.org/packages/python-graphene-sqlalchemy.git
python-graphql-core            git://git.kali.org/packages/python-graphql-core.git
python-graphql-relay           git://git.kali.org/packages/python-graphql-relay.git
python-guess-language          git://git.kali.org/packages/python-guess-language.git
python-h2                      git://git.kali.org/packages/python-h2.git
python-halberd                 git://git.kali.org/packages/python-halberd.git
python-harparser               git://git.kali.org/packages/python-harparser.git
python-hpack                   git://git.kali.org/packages/python-hpack.git
python-hyperframe              git://git.kali.org/packages/python-hyperframe.git
python-impacket                git://git.kali.org/packages/python-impacket.git
python-ipwhois                 git://git.kali.org/packages/python-ipwhois.git
python-jsonrpclib              git://git.kali.org/packages/python-jsonrpclib.git
python-kaitaistruct            git://git.kali.org/packages/python-kaitaistruct.git
python-libnmap                 git://git.kali.org/packages/python-libnmap.git
python-mockito                 git://git.kali.org/packages/python-mockito.git
python-netfilterqueue          git://git.kali.org/packages/python-netfilterqueue.git
python-netlib                  git://git.kali.org/packages/python-netlib.git
python-ntlm                    git://git.kali.org/packages/python-ntlm.git
python-oauth2                  git://git.kali.org/packages/python-oauth2.git
python-olefile                 git://git.kali.org/packages/python-olefile.git
python-pathod                  git://git.kali.org/packages/python-pathod.git
python-phply                   git://git.kali.org/packages/python-phply.git
python-pluginbase              git://git.kali.org/packages/python-pluginbase.git
python-pretend                 git://git.kali.org/packages/python-pretend.git
python-promise                 git://git.kali.org/packages/python-promise.git
python-psutil                  git://git.kali.org/packages/python-psutil.git
python-pydal                   git://git.kali.org/packages/python-pydal.git
python-pydeep                  git://git.kali.org/packages/python-pydeep.git
python-pygithub                git://git.kali.org/packages/python-pygithub.git
python-pyotp                   git://git.kali.org/packages/python-pyotp.git
python-pyperclip               git://git.kali.org/packages/python-pyperclip.git
python-pyric                   git://git.kali.org/packages/python-pyric.git
python-pythonect               git://git.kali.org/packages/python-pythonect.git
python-qt4                     git://git.kali.org/packages/python-qt4.git
python-rdpy                    git://git.kali.org/packages/python-rdpy.git
python-rfidiot                 git://git.kali.org/packages/python-rfidiot.git
python-rtlsdr                  git://git.kali.org/packages/python-rtlsdr.git
python-setuptools-git          git://git.kali.org/packages/python-setuptools-git.git
python-shodan                  git://git.kali.org/packages/python-shodan.git
python-smoke-zephyr            git://git.kali.org/packages/python-smoke-zephyr.git
python-stopit                  git://git.kali.org/packages/python-stopit.git
python-symmetric-jsonrpc       git://git.kali.org/packages/python-symmetric-jsonrpc.git
python-tblib                   git://git.kali.org/packages/python-tblib.git
python-tornado                 git://git.kali.org/packages/python-tornado.git
python-twitter-toolset         git://git.kali.org/packages/python-twitter-toolset.git
python-tz                      git://git.kali.org/packages/python-tz.git
python-ua-parser               git://git.kali.org/packages/python-ua-parser.git
python-unicorn                 git://git.kali.org/packages/python-unicorn.git
python-urllib3                 git://git.kali.org/packages/python-urllib3.git
python-usb                     git://git.kali.org/packages/python-usb.git
python-user-agents             git://git.kali.org/packages/python-user-agents.git
python-vulndb                  git://git.kali.org/packages/python-vulndb.git
python-xdot                    git://git.kali.org/packages/python-xdot.git
pyusb                          git://git.kali.org/packages/pyusb.git
pyuserinput                    git://git.kali.org/packages/pyuserinput.git
qemu                           git://git.kali.org/packages/qemu.git
radare2                        git://git.kali.org/packages/radare2.git
rainbowcrack                   git://git.kali.org/packages/rainbowcrack.git
raspberry-pi-firmware          git://git.kali.org/packages/raspberry-pi-firmware.git
raspberry-pi-installer         git://git.kali.org/packages/raspberry-pi-installer.git
raspberry-pi-modules           git://git.kali.org/packages/raspberry-pi-modules.git
rcracki-mt                     git://git.kali.org/packages/rcracki-mt.git
rdesktop                       git://git.kali.org/packages/rdesktop.git
realtek-rtl88xxau-dkms         git://git.kali.org/packages/realtek-rtl88xxau-dkms.git
reaver                         git://git.kali.org/packages/reaver.git
rebind                         git://git.kali.org/packages/rebind.git
recon-ng                       git://git.kali.org/packages/recon-ng.git
recstudio                      git://git.kali.org/packages/recstudio.git
redfang                        git://git.kali.org/packages/redfang.git
redsnarf                       git://git.kali.org/packages/redsnarf.git
reglookup                      git://git.kali.org/packages/reglookup.git
regripper                      git://git.kali.org/packages/regripper.git
requests                       git://git.kali.org/packages/requests.git
responder                      git://git.kali.org/packages/responder.git
rfcat                          git://git.kali.org/packages/rfcat.git
rfidiot                        git://git.kali.org/packages/rfidiot.git
ridenum                        git://git.kali.org/packages/ridenum.git
rootskel-gtk                   git://git.kali.org/packages/rootskel-gtk.git
routersploit                   git://git.kali.org/packages/routersploit.git
rsmangler                      git://git.kali.org/packages/rsmangler.git
rtl-sdr                        git://git.kali.org/packages/rtl-sdr.git
rtlsdr-scanner                 git://git.kali.org/packages/rtlsdr-scanner.git
rtpbreak                       git://git.kali.org/packages/rtpbreak.git
rtpflood                       git://git.kali.org/packages/rtpflood.git
rtpinsertsound                 git://git.kali.org/packages/rtpinsertsound.git
rtpmixsound                    git://git.kali.org/packages/rtpmixsound.git
ruamel                         git://git.kali.org/packages/ruamel.ordereddict.git
ruby-addressable               git://git.kali.org/packages/ruby-addressable.git
ruby-ansi                      git://git.kali.org/packages/ruby-ansi.git
ruby-atomic                    git://git.kali.org/packages/ruby-atomic.git
ruby-buftok                    git://git.kali.org/packages/ruby-buftok.git
ruby-coveralls                 git://git.kali.org/packages/ruby-coveralls.git
ruby-crack                     git://git.kali.org/packages/ruby-crack.git
ruby-diff-lcs                  git://git.kali.org/packages/ruby-diff-lcs.git
ruby-dm-core                   git://git.kali.org/packages/ruby-dm-core.git
ruby-dm-do-adapter             git://git.kali.org/packages/ruby-dm-do-adapter.git
ruby-dm-migrations             git://git.kali.org/packages/ruby-dm-migrations.git
ruby-dm-serializer             git://git.kali.org/packages/ruby-dm-serializer.git
ruby-dm-sqlite-adapter         git://git.kali.org/packages/ruby-dm-sqlite-adapter.git
ruby-em-proxy                  git://git.kali.org/packages/ruby-em-proxy.git
ruby-em-websocket              git://git.kali.org/packages/ruby-em-websocket.git
ruby-equalizer                 git://git.kali.org/packages/ruby-equalizer.git
ruby-ethon                     git://git.kali.org/packages/ruby-ethon.git
ruby-eventmachine              git://git.kali.org/packages/ruby-eventmachine.git
ruby-execjs                    git://git.kali.org/packages/ruby-execjs.git
ruby-faraday                   git://git.kali.org/packages/ruby-faraday.git
ruby-ffi                       git://git.kali.org/packages/ruby-ffi.git
ruby-fxruby                    git://git.kali.org/packages/ruby-fxruby.git
ruby-geoip                     git://git.kali.org/packages/ruby-geoip.git
ruby-glu                       git://git.kali.org/packages/ruby-glu.git
ruby-gnome2                    git://git.kali.org/packages/ruby-gnome2.git
ruby-gtk-webkit                git://git.kali.org/packages/ruby-gtk-webkit.git
ruby-http                      git://git.kali.org/packages/ruby-http.git
ruby-http-configuration        git://git.kali.org/packages/ruby-http-configuration.git
ruby-http-parser               git://git.kali.org/packages/ruby-http-parser.rb.git
ruby-json                      git://git.kali.org/packages/ruby-json.git
ruby-librex                    git://git.kali.org/packages/ruby-librex.git
ruby-libv8                     git://git.kali.org/packages/ruby-libv8.git
ruby-loofah                    git://git.kali.org/packages/ruby-loofah.git
ruby-memoizable                git://git.kali.org/packages/ruby-memoizable.git
ruby-mime-types                git://git.kali.org/packages/ruby-mime-types.git
ruby-mini-exiftool             git://git.kali.org/packages/ruby-mini-exiftool.git
ruby-mini-portile              git://git.kali.org/packages/ruby-mini-portile.git
ruby-mini-portile2             git://git.kali.org/packages/ruby-mini-portile2.git
ruby-minitest                  git://git.kali.org/packages/ruby-minitest.git
ruby-mojo-magick               git://git.kali.org/packages/ruby-mojo-magick.git
ruby-mongo-mapper              git://git.kali.org/packages/ruby-mongo-mapper.git
ruby-msfrpc-client             git://git.kali.org/packages/ruby-msfrpc-client.git
ruby-msgpack                   git://git.kali.org/packages/ruby-msgpack.git
ruby-multipart-post            git://git.kali.org/packages/ruby-multipart-post.git
ruby-naught                    git://git.kali.org/packages/ruby-naught.git
ruby-net-dns                   git://git.kali.org/packages/ruby-net-dns.git
ruby-net-http-pipeline         git://git.kali.org/packages/ruby-net-http-pipeline.git
ruby-network-interface         git://git.kali.org/packages/ruby-network-interface.git
ruby-nfnetlink                 git://git.kali.org/packages/ruby-nfnetlink.git
ruby-nfqueue                   git://git.kali.org/packages/ruby-nfqueue.git
ruby-oj-mimic-json             git://git.kali.org/packages/ruby-oj-mimic-json.git
ruby-opengl                    git://git.kali.org/packages/ruby-opengl.git
ruby-parseconfig               git://git.kali.org/packages/ruby-parseconfig.git
ruby-patron                    git://git.kali.org/packages/ruby-patron.git
ruby-perftools                 git://git.kali.org/packages/ruby-perftools.rb.git
ruby-plucky                    git://git.kali.org/packages/ruby-plucky.git
ruby-ponder                    git://git.kali.org/packages/ruby-ponder.git
ruby-pony                      git://git.kali.org/packages/ruby-pony.git
ruby-process-daemon            git://git.kali.org/packages/ruby-process-daemon.git
ruby-progressbar               git://git.kali.org/packages/ruby-progressbar.git
ruby-ptools                    git://git.kali.org/packages/ruby-ptools.git
ruby-puma                      git://git.kali.org/packages/ruby-puma.git
ruby-qr4r                      git://git.kali.org/packages/ruby-qr4r.git
ruby-rack-protection           git://git.kali.org/packages/ruby-rack-protection.git
ruby-rainbow                   git://git.kali.org/packages/ruby-rainbow.git
ruby-rb-readline               git://git.kali.org/packages/ruby-rb-readline.git
ruby-ref                       git://git.kali.org/packages/ruby-ref.git
ruby-rex-text                  git://git.kali.org/packages/ruby-rex-text.git
ruby-rexec                     git://git.kali.org/packages/ruby-rexec.git
ruby-rubber-generate           git://git.kali.org/packages/ruby-rubber-generate.git
ruby-ruby-progressbar          git://git.kali.org/packages/ruby-ruby-progressbar.git
ruby-rubydns                   git://git.kali.org/packages/ruby-rubydns.git
ruby-rubyzip                   git://git.kali.org/packages/ruby-rubyzip.git
ruby-selenium-webdriver        git://git.kali.org/packages/ruby-selenium-webdriver.git
ruby-simple-oauth              git://git.kali.org/packages/ruby-simple-oauth.git
ruby-simplecov                 git://git.kali.org/packages/ruby-simplecov.git
ruby-simplecov-html            git://git.kali.org/packages/ruby-simplecov-html.git
ruby-sinatra                   git://git.kali.org/packages/ruby-sinatra.git
ruby-source-map                git://git.kali.org/packages/ruby-source-map.git
ruby-spider                    git://git.kali.org/packages/ruby-spider.git
ruby-terminal-table            git://git.kali.org/packages/ruby-terminal-table.git
ruby-therubyracer              git://git.kali.org/packages/ruby-therubyracer.git
ruby-thread-safe               git://git.kali.org/packages/ruby-thread-safe.git
ruby-tilt                      git://git.kali.org/packages/ruby-tilt.git
ruby-timecop                   git://git.kali.org/packages/ruby-timecop.git
ruby-twitter                   git://git.kali.org/packages/ruby-twitter.git
ruby-typhoeus                  git://git.kali.org/packages/ruby-typhoeus.git
ruby-uglifier                  git://git.kali.org/packages/ruby-uglifier.git
ruby-watir-webdriver           git://git.kali.org/packages/ruby-watir-webdriver.git
ruby-webmock                   git://git.kali.org/packages/ruby-webmock.git
ruby-websocket                 git://git.kali.org/packages/ruby-websocket.git
ruby-zip                       git://git.kali.org/packages/ruby-zip.git
sakis3g                        git://git.kali.org/packages/sakis3g.git
sandi                          git://git.kali.org/packages/sandi.git
sbd                            git://git.kali.org/packages/sbd.git
scapy                          git://git.kali.org/packages/scapy.git
scim-pinyin                    git://git.kali.org/packages/scim-pinyin.git
sctpscan                       git://git.kali.org/packages/sctpscan.git
seclists                       git://git.kali.org/packages/seclists.git
secure-socket-funneling        git://git.kali.org/packages/secure-socket-funneling.git
set                            git://git.kali.org/packages/set.git
sfuzz                          git://git.kali.org/packages/sfuzz.git
shellnoob                      git://git.kali.org/packages/shellnoob.git
shellter                       git://git.kali.org/packages/shellter.git
sidguesser                     git://git.kali.org/packages/sidguesser.git
siparmyknife                   git://git.kali.org/packages/siparmyknife.git
sipp                           git://git.kali.org/packages/sipp.git
sipvicious                     git://git.kali.org/packages/sipvicious.git
skipfish                       git://git.kali.org/packages/skipfish.git
sleuthkit                      git://git.kali.org/packages/sleuthkit.git
slowhttptest                   git://git.kali.org/packages/slowhttptest.git
smali                          git://git.kali.org/packages/smali.git
smbmap                         git://git.kali.org/packages/smbmap.git
smtp-user-enum                 git://git.kali.org/packages/smtp-user-enum.git
sniffjoke                      git://git.kali.org/packages/sniffjoke.git
snmpcheck                      git://git.kali.org/packages/snmpcheck.git
snmpenum                       git://git.kali.org/packages/snmpenum.git
sparta                         git://git.kali.org/packages/sparta.git
sphinxbase                     git://git.kali.org/packages/sphinxbase.git
spike                          git://git.kali.org/packages/spike.git
spooftooph                     git://git.kali.org/packages/spooftooph.git
sqldict                        git://git.kali.org/packages/sqldict.git
sqlmap                         git://git.kali.org/packages/sqlmap.git
sqlninja                       git://git.kali.org/packages/sqlninja.git
sqlsus                         git://git.kali.org/packages/sqlsus.git
ssdeep                         git://git.kali.org/packages/ssdeep.git
sslcaudit                      git://git.kali.org/packages/sslcaudit.git
sslscan                        git://git.kali.org/packages/sslscan.git
sslsplit                       git://git.kali.org/packages/sslsplit.git
sslstrip                       git://git.kali.org/packages/sslstrip.git
sslyze                         git://git.kali.org/packages/sslyze.git
statsprocessor                 git://git.kali.org/packages/statsprocessor.git
syslinux                       git://git.kali.org/packages/syslinux.git
sysvinit                       git://git.kali.org/packages/sysvinit.git
t50                            git://git.kali.org/packages/t50.git
tasksel                        git://git.kali.org/packages/tasksel.git
teamsploit                     git://git.kali.org/packages/teamsploit.git
termineter                     git://git.kali.org/packages/termineter.git
testing                        git://git.kali.org/packages/testing.git
tftpd32                        git://git.kali.org/packages/tftpd32.git
thc-ipv6                       git://git.kali.org/packages/thc-ipv6.git
thc-pptp-bruter                git://git.kali.org/packages/thc-pptp-bruter.git
thc-ssl-dos                    git://git.kali.org/packages/thc-ssl-dos.git
theharvester                   git://git.kali.org/packages/theharvester.git
tinfoleak                      git://git.kali.org/packages/tinfoleak.git
tlssled                        git://git.kali.org/packages/tlssled.git
tnscmd10g                      git://git.kali.org/packages/tnscmd10g.git
truecrack                      git://git.kali.org/packages/truecrack.git
truecrypt                      git://git.kali.org/packages/truecrypt.git
tundeep                        git://git.kali.org/packages/tundeep.git
twofi                          git://git.kali.org/packages/twofi.git
u3-pwn                         git://git.kali.org/packages/u3-pwn.git
ua-tester                      git://git.kali.org/packages/ua-tester.git
ubertooth                      git://git.kali.org/packages/ubertooth.git
uhd                            git://git.kali.org/packages/uhd.git
uhd-images                     git://git.kali.org/packages/uhd-images.git
unicornscan                    git://git.kali.org/packages/unicornscan.git
uniscan                        git://git.kali.org/packages/uniscan.git
unix-privesc-check             git://git.kali.org/packages/unix-privesc-check.git
upstream-watch                 git://git.kali.org/packages/upstream-watch.git
urlcrazy                       git://git.kali.org/packages/urlcrazy.git
urwid                          git://git.kali.org/packages/urwid.git
valgrind                       git://git.kali.org/packages/valgrind.git
vboot-utils                    git://git.kali.org/packages/vboot-utils.git
vega                           git://git.kali.org/packages/vega.git
veil                           git://git.kali.org/packages/veil.git
veil-catapult                  git://git.kali.org/packages/veil-catapult.git
veil-evasion                   git://git.kali.org/packages/veil-evasion.git
vfeed                          git://git.kali.org/packages/vfeed.git
virtualbox                     git://git.kali.org/packages/virtualbox.git
vlc                            git://git.kali.org/packages/vlc.git
voiphopper                     git://git.kali.org/packages/voiphopper.git
volatility                     git://git.kali.org/packages/volatility.git
w3af                           git://git.kali.org/packages/w3af.git
waffit                         git://git.kali.org/packages/waffit.git
wafw00f                        git://git.kali.org/packages/wafw00f.git
wapiti                         git://git.kali.org/packages/wapiti.git
watobo                         git://git.kali.org/packages/watobo.git
wce                            git://git.kali.org/packages/wce.git
web2py                         git://git.kali.org/packages/web2py.git
webacoo                        git://git.kali.org/packages/webacoo.git
webhandler                     git://git.kali.org/packages/webhandler.git
webscarab                      git://git.kali.org/packages/webscarab.git
webshag                        git://git.kali.org/packages/webshag.git
webshells                      git://git.kali.org/packages/webshells.git
webslayer                      git://git.kali.org/packages/webslayer.git
websploit                      git://git.kali.org/packages/websploit.git
weevely                        git://git.kali.org/packages/weevely.git
wfuzz                          git://git.kali.org/packages/wfuzz.git
wgetpaste                      git://git.kali.org/packages/wgetpaste.git
wifi-honey                     git://git.kali.org/packages/wifi-honey.git
wifiphisher                    git://git.kali.org/packages/wifiphisher.git
wifitap                        git://git.kali.org/packages/wifitap.git
wifite                         git://git.kali.org/packages/wifite.git
wig                            git://git.kali.org/packages/wig.git
windows-binaries               git://git.kali.org/packages/windows-binaries.git
windows-privesc-check          git://git.kali.org/packages/windows-privesc-check.git
wine                           git://git.kali.org/packages/wine.git
wine-python-2                  git://git.kali.org/packages/wine-python-2.7.git
winexe                         git://git.kali.org/packages/winexe.git
wireshark                      git://git.kali.org/packages/wireshark.git
wkhtmltopdf                    git://git.kali.org/packages/wkhtmltopdf.git
wmi                            git://git.kali.org/packages/wmi.git
wmis                           git://git.kali.org/packages/wmis.git
wol-e                          git://git.kali.org/packages/wol-e.git
wordlists                      git://git.kali.org/packages/wordlists.git
wpa                            git://git.kali.org/packages/wpa.git
wpscan                         git://git.kali.org/packages/wpscan.git
xlsxwriter                     git://git.kali.org/packages/xlsxwriter.git
xplico                         git://git.kali.org/packages/xplico.git
xserver-xorg-video-vmware      git://git.kali.org/packages/xserver-xorg-video-vmware.git
xspy                           git://git.kali.org/packages/xspy.git
xsser                          git://git.kali.org/packages/xsser.git
yapsy                          git://git.kali.org/packages/yapsy.git
yara                           git://git.kali.org/packages/yara.git
yara-python                    git://git.kali.org/packages/yara-python.git
yersinia                       git://git.kali.org/packages/yersinia.git
zaproxy                        git://git.kali.org/packages/zaproxy.git
